********************************************************************************************
Test run of MyCopy:									   
"data.in":										   			
abc de*fg_  h										   	
	ijk !@#               								   
mn; 										           				

command lines:
ubuntu4ljn@ubuntu4ljn-virtual-machine:~/Documents/code/project1$ ./MyCopy data.in data.out
MyCopy Time used:0.038500 miliisecond(s)

now "data.out" is:
abc de*fg_  h
	ijk !@#
mn;
********************************************************************************************


********************************************************************************************
Test run of ForkCopy.cpp:
"data.in":
abc de*fg_  h
	ijk !@#
mn;	op,,,q

command lines:
ubuntu4ljn@ubuntu4ljn-virtual-machine:~/Documents/code/project1$ ./ForkCopy data.in data.out
MyCopy Time used:0.072400 miliisecond(s)
ForkCopy Time used:0.003300 miliisecond(s)

now "data.out" is:
abc de*fg_  h
	ijk !@#
mn;	op,,,q
********************************************************************************************


********************************************************************************************
Test run of PipeCopy.cpp:
"data.in":
abc de*fg_  h
	ijk !@#
mn;	op,,,q
r#s t&u

command lines:
ubuntu4ljn@ubuntu4ljn-virtual-machine:~/Documents/code/project1$ ./PipeCopy data.in data.out
PipeCopy Time used:0.031400 miliisecond(s)

now "data.out" is:
abc de*fg_  h
	ijk !@#
mn;	op,,,q
r#s t&u
********************************************************************************************


********************************************************************************************
Test run of MyShell.cpp:
command lines:
ubuntu4ljn@ubuntu4ljn-virtual-machine:~/Documents/code/project1$ ./MyShell
MyShell>abc
Error: running command: 'abc'
MyShell>
MyShell>
MyShell>date
2015年 04月 20日 星期一 14:42:57 CST
MyShell>ls
BBQ		   ForkCopy.cpp~	MoreShell      noname~
BurgerBuddies.cpp  ForkCopy.o		MoreShell.cpp  PipeCopy
BurgerBuddies.o    header.h		MoreShell.o    PipeCopy.cpp
data.in		   header.h~		MyCopy	       PipeCopy.cpp~
data.in~	   makefile		MyCopy.c~      PipeCopy.o
data.out	   makefile~		MyCopy.cpp     Prj1README
data.out~	   MergesortMulti	MyCopy.cpp~    Prj1README~
DupShell	   MergesortMulti.cpp	MyCopy.o       ReadMe~
DupShell.cpp	   MergesortMulti.o	MyShell        test_runs
DupShell.o	   MergesortSingle	MyShell.cpp    test_runs~
f~		   MergesortSingle.cpp	MyShell.cpp~   try2.cpp~
ForkCopy	   MergesortSingle.o	MyShell.o      try.cpp~
ForkCopy.cpp	   mf~			nn~	       无标题文档~
MyShell>exit
ubuntu4ljn@ubuntu4ljn-virtual-machine:~/Documents/code/project1$ 

********************************************************************************************


********************************************************************************************
Test run of MoreShell:
command lines:
ubuntu4ljn@ubuntu4ljn-virtual-machine:~/Documents/code/project1$ g++ MoreShell.cpp -o MoreShell
ubuntu4ljn@ubuntu4ljn-virtual-machine:~/Documents/code/project1$ ./MoreShell
MyShell>sdsf
Error: running command: 'sdsf'
MyShell>
MyShell>
MyShell>ls  
BBQ		   ForkCopy.cpp~	MoreShell      noname~
BurgerBuddies.cpp  ForkCopy.o		MoreShell.cpp  PipeCopy
BurgerBuddies.o    header.h		MoreShell.o    PipeCopy.cpp
data.in		   header.h~		MyCopy	       PipeCopy.cpp~
data.in~	   makefile		MyCopy.c~      PipeCopy.o
data.out	   makefile~		MyCopy.cpp     Prj1README
data.out~	   MergesortMulti	MyCopy.cpp~    Prj1README~
DupShell	   MergesortMulti.cpp	MyCopy.o       ReadMe~
DupShell.cpp	   MergesortMulti.o	MyShell        test_runs
DupShell.o	   MergesortSingle	MyShell.cpp    test_runs~
f~		   MergesortSingle.cpp	MyShell.cpp~   try2.cpp~
ForkCopy	   MergesortSingle.o	MyShell.o      try.cpp~
ForkCopy.cpp	   mf~			nn~	       无标题文档~
MyShell>ls -a
.		   ForkCopy.cpp		MoreShell      PipeCopy
..		   ForkCopy.cpp~	MoreShell.cpp  PipeCopy.cpp
BBQ		   ForkCopy.o		MoreShell.o    PipeCopy.cpp~
BurgerBuddies.cpp  header.h		MyCopy	       PipeCopy.o
BurgerBuddies.o    header.h~		MyCopy.c~      Prj1README
data.in		   makefile		MyCopy.cpp     Prj1README~
data.in~	   makefile~		MyCopy.cpp~    ReadMe~
data.out	   MergesortMulti	MyCopy.o       test_runs
data.out~	   MergesortMulti.cpp	MyShell        test_runs~
DupShell	   MergesortMulti.o	MyShell.cpp    try2.cpp~
DupShell.cpp	   MergesortSingle	MyShell.cpp~   try.cpp~
DupShell.o	   MergesortSingle.cpp	MyShell.o      无标题文档~
f~		   MergesortSingle.o	nn~
ForkCopy	   mf~			noname~
MyShell>ls -l
总用量 328
-rwxrwxr-x 1 ubuntu4ljn ubuntu4ljn 14280  4月 23 14:52 BBQ
-rw-rw-r-- 1 ubuntu4ljn ubuntu4ljn  6856  4月 23 13:37 BurgerBuddies.cpp
-rw-rw-r-- 1 ubuntu4ljn ubuntu4ljn 11008  4月 23 14:52 BurgerBuddies.o
-rw-rw-r-- 1 ubuntu4ljn ubuntu4ljn    42  4月 23 14:41 data.in
-rw-rw-r-- 1 ubuntu4ljn ubuntu4ljn    34  4月 23 14:40 data.in~
-rw-rw-r-- 1 ubuntu4ljn ubuntu4ljn    42  4月 23 14:41 data.out
-rw-rw-r-- 1 ubuntu4ljn ubuntu4ljn    29  4月 19 10:15 data.out~
-rwxrwxr-x 1 ubuntu4ljn ubuntu4ljn 14094  4月 23 14:52 DupShell
-rw-rw-r-- 1 ubuntu4ljn ubuntu4ljn  6890  4月 23 14:48 DupShell.cpp
-rw-rw-r-- 1 ubuntu4ljn ubuntu4ljn  6464  4月 23 14:52 DupShell.o
-rw-rw-r-- 1 ubuntu4ljn ubuntu4ljn     9  3月 31 17:54 f~
-rwxrwxr-x 1 ubuntu4ljn ubuntu4ljn  9122  4月 23 14:52 ForkCopy
-rw-rw-r-- 1 ubuntu4ljn ubuntu4ljn  1805  4月 23 12:55 ForkCopy.cpp
-rw-rw-r-- 1 ubuntu4ljn ubuntu4ljn   399  3月 29 21:41 ForkCopy.cpp~
-rw-rw-r-- 1 ubuntu4ljn ubuntu4ljn  3024  4月 23 14:52 ForkCopy.o
-rw-rw-r-- 1 ubuntu4ljn ubuntu4ljn   356  4月 12 17:08 header.h
-rw-rw-r-- 1 ubuntu4ljn ubuntu4ljn   335  4月 12 17:08 header.h~
-rw-rw-r-- 1 ubuntu4ljn ubuntu4ljn  1349  4月 22 21:31 makefile
-rw-rw-r-- 1 ubuntu4ljn ubuntu4ljn  1340  4月 22 21:30 makefile~
-rwxrwxr-x 1 ubuntu4ljn ubuntu4ljn 14799  4月 23 14:52 MergesortMulti
-rw-rw-r-- 1 ubuntu4ljn ubuntu4ljn  4015  4月 23 13:38 MergesortMulti.cpp
-rw-rw-r-- 1 ubuntu4ljn ubuntu4ljn  7088  4月 23 14:52 MergesortMulti.o
-rwxrwxr-x 1 ubuntu4ljn ubuntu4ljn 14388  4月 23 14:52 MergesortSingle
-rw-rw-r-- 1 ubuntu4ljn ubuntu4ljn  3486  4月 23 13:38 MergesortSingle.cpp
-rw-rw-r-- 1 ubuntu4ljn ubuntu4ljn  6168  4月 23 14:52 MergesortSingle.o
-rw-rw-r-- 1 ubuntu4ljn ubuntu4ljn   819  4月 22 16:31 mf~
-rwxrwxr-x 1 ubuntu4ljn ubuntu4ljn 13579  4月 23 14:53 MoreShell
-rw-rw-r-- 1 ubuntu4ljn ubuntu4ljn  3256  4月 23 14:52 MoreShell.cpp
-rw-rw-r-- 1 ubuntu4ljn ubuntu4ljn  3952  4月 23 14:52 MoreShell.o
-rwxrwxr-x 1 ubuntu4ljn ubuntu4ljn  9173  4月 23 14:52 MyCopy
-rw-rw-r-- 1 ubuntu4ljn ubuntu4ljn   699  3月 29 20:13 MyCopy.c~
-rw-rw-r-- 1 ubuntu4ljn ubuntu4ljn  1971  4月 23 12:55 MyCopy.cpp
-rw-rw-r-- 1 ubuntu4ljn ubuntu4ljn   706  3月 29 20:29 MyCopy.cpp~
-rw-rw-r-- 1 ubuntu4ljn ubuntu4ljn  3448  4月 23 14:52 MyCopy.o
-rwxrwxr-x 1 ubuntu4ljn ubuntu4ljn 13577  4月 23 14:52 MyShell
-rw-rw-r-- 1 ubuntu4ljn ubuntu4ljn  3262  4月 23 14:49 MyShell.cpp
-rw-rw-r-- 1 ubuntu4ljn ubuntu4ljn  1677  4月  3 14:17 MyShell.cpp~
-rw-rw-r-- 1 ubuntu4ljn ubuntu4ljn  3968  4月 23 14:52 MyShell.o
-rw-rw-r-- 1 ubuntu4ljn ubuntu4ljn     4  3月 29 21:43 nn~
-rw-rw-r-- 1 ubuntu4ljn ubuntu4ljn     0  3月 29 20:16 noname~
-rwxrwxr-x 1 ubuntu4ljn ubuntu4ljn 13569  4月 23 14:52 PipeCopy
-rw-rw-r-- 1 ubuntu4ljn ubuntu4ljn  3187  4月 23 12:54 PipeCopy.cpp
-rw-rw-r-- 1 ubuntu4ljn ubuntu4ljn     0  3月 29 22:26 PipeCopy.cpp~
-rw-rw-r-- 1 ubuntu4ljn ubuntu4ljn  3872  4月 23 14:52 PipeCopy.o
-rw-rw-r-- 1 ubuntu4ljn ubuntu4ljn   790  4月 23 14:33 Prj1README
-rw-rw-r-- 1 ubuntu4ljn ubuntu4ljn   843  4月 22 21:29 Prj1README~
-rw-rw-r-- 1 ubuntu4ljn ubuntu4ljn   313  4月 22 21:06 ReadMe~
-rw-rw-r-- 1 ubuntu4ljn ubuntu4ljn  2830  4月 23 14:47 test_runs
-rw-rw-r-- 1 ubuntu4ljn ubuntu4ljn   868  4月 23 14:42 test_runs~
-rw-rw-r-- 1 ubuntu4ljn ubuntu4ljn   305  3月 29 21:36 try2.cpp~
-rw-rw-r-- 1 ubuntu4ljn ubuntu4ljn   680  3月 29 22:17 try.cpp~
-rw-rw-r-- 1 ubuntu4ljn ubuntu4ljn  1280  4月 22 14:45 无标题文档~
MyShell>exit
ubuntu4ljn@ubuntu4ljn-virtual-machine:~/Documents/code/project1$
********************************************************************************************


********************************************************************************************
Test of DupShell:
command lines:
MyShell>date
2015年 04月 20日 星期一 15:01:57 CST
MyShell>ada      
Error: running command: 'ada'
MyShell>date | wc
      1       6      43
MyShell>ls -l | wc
     54     479    3567
MyShell>exit
ubuntu4ljn@ubuntu4ljn-virtual-machine:~/Documents/code/project1$ 
********************************************************************************************


********************************************************************************************
Test  of MergesortSingle:
in "data.in":
10 2 0 19 45 23 10 8 5 11 1 

command lines:
ubuntu4ljn@ubuntu4ljn-virtual-machine:~/Documents/code/project1$ ./MergesortSingle
Time used: 124.784000 millisecond

now in "data.out":
0 1 2 5 8 10 11 19 23 45 
********************************************************************************************


********************************************************************************************
Test run of MergesortMulti:
in "data.in":
10 2 0 19 45 23 10 8 5 11 1 

command lines:
ubuntu4ljn@ubuntu4ljn-virtual-machine:~/Documents/code/project1$ ./MergesortMulti
Time used: 44.846000 millisecond

now in "data.out":
0 1 2 5 8 10 11 19 23 45 
********************************************************************************************


********************************************************************************************
Test of BurgerBuddies:
command lines:
ubuntu4ljn@ubuntu4ljn-virtual-machine:~/Documents/code/project1$ ./BBQ 2 4 41 10
Cooks[2], Cashiers[4], Customers[41].
Begin  run.
Customer [5] comes.
Cashier [3] acccepts an order.
Customer [16] comes.
Customer [17] comes.
Customer [31] comes.
Customer [33] comes.
Customer [32] comes.
Cashier [1] acccepts an order.
Cashier [2] acccepts an order.
Cashier [4] acccepts an order.
Cook [2] makes a burger.
Customer [7] comes.
Customer [11] comes.
Customer [13] comes.
Customer [27] comes.
Customer [28] comes.
Customer [29] comes.
Cashier [3] takes a burger to customer.
Customer [22] comes.
Customer [2] comes.
Customer [40] comes.
Cook [1] makes a burger.
Cook [1] makes a burger.
Customer [8] comes.
Customer [12] comes.
Customer [21] comes.
Customer [25] comes.
Customer [24] comes.
Customer [26] comes.
Cashier [2] takes a burger to customer.
Cashier [1] takes a burger to customer.
Customer [39] comes.
Customer [41] comes.
Customer [6] comes.
Customer [10] comes.
Customer [9] comes.
Cook [2] makes a burger.
Cashier [3] acccepts an order.
Cashier [3] takes a burger to customer.
Cashier [2] acccepts an order.
Cashier [1] acccepts an order.
Customer [23] comes.
Customer [35] comes.
Customer [36] comes.
Customer [37] comes.
Customer [4] comes.
Customer [15] comes.
Customer [18] comes.
Customer [19] comes.
Cook [1] makes a burger.
Cook [1] makes a burger.
Cashier [4] takes a burger to customer.
Cashier [2] takes a burger to customer.
Customer [3] comes.
Customer [1] comes.
Customer [14] comes.
Customer [20] comes.
Customer [30] comes.
Customer [34] comes.
Cook [2] makes a burger.
Cashier [3] acccepts an order.
Cashier [3] takes a burger to customer.
Cashier [3] acccepts an order.
Cashier [2] acccepts an order.
Customer [38] comes.
Cashier [4] acccepts an order.
Cook [2] makes a burger.
Cook [2] makes a burger.
Cashier [3] takes a burger to customer.
Cashier [3] acccepts an order.
Cashier [3] takes a burger to customer.
Cook [1] makes a burger.
Cashier [2] takes a burger to customer.
Cashier [2] acccepts an order.
Cook [2] makes a burger.
Cook [2] makes a burger.
Cashier [1] takes a burger to customer.
Cashier [3] acccepts an order.
Cashier [3] takes a burger to customer.
Cashier [3] acccepts an order.
Cook [1] makes a burger.
Cook [1] makes a burger.
Cook [1] makes a burger.
Cook [1] makes a burger.
Cashier [4] takes a burger to customer.
Cashier [4] acccepts an order.
Cashier [4] takes a burger to customer.
Cashier [3] takes a burger to customer.
Cashier [2] takes a burger to customer.
Cashier [2] acccepts an order.
Cook [2] makes a burger.
Cashier [2] takes a burger to customer.
Cashier [1] acccepts an order.
Cashier [4] acccepts an order.
Cashier [3] acccepts an order.
Cook [1] makes a burger.
Cook [1] makes a burger.
Cook [1] makes a burger.
Cashier [4] takes a burger to customer.
Cashier [3] takes a burger to customer.
Cashier [3] acccepts an order.
Cashier [3] takes a burger to customer.
Cashier [3] acccepts an order.
Cashier [2] acccepts an order.
Cook [2] makes a burger.
Cashier [3] takes a burger to customer.
Cashier [4] acccepts an order.
Cook [1] makes a burger.
Cashier [2] takes a burger to customer.
Cashier [2] acccepts an order.
Cook [2] makes a burger.
Cook [2] makes a burger.
Cashier [1] takes a burger to customer.
Cashier [1] acccepts an order.
Cashier [1] takes a burger to customer.
Cashier [3] acccepts an order.
Cook [1] makes a burger.
Cashier [2] takes a burger to customer.
Cashier [1] acccepts an order.
Cashier [2] acccepts an order.
Cook [1] makes a burger.
Cook [1] makes a burger.
Cook [1] makes a burger.
Cashier [4] takes a burger to customer.
Cashier [4] acccepts an order.
Cashier [4] takes a burger to customer.
Cashier [3] takes a burger to customer.
Cook [2] makes a burger.
Cashier [2] takes a burger to customer.
Cashier [4] acccepts an order.
Cook [1] makes a burger.
Cook [1] makes a burger.
Cashier [4] takes a burger to customer.
Cashier [1] takes a burger to customer.
Cashier [1] acccepts an order.
Cook [2] makes a burger.
Cook [2] makes a burger.
Cashier [1] takes a burger to customer.
Cashier [3] acccepts an order.
Cashier [3] takes a burger to customer.
Cashier [2] acccepts an order.
Cook [2] makes a burger.
Cashier [2] takes a burger to customer.
Cashier [3] acccepts an order.
Cashier [4] acccepts an order.
Cook [1] makes a burger.
Cashier [3] takes a burger to customer.
Cashier [3] acccepts an order.
Cashier [1] acccepts an order.
Cook [1] makes a burger.
Cashier [4] takes a burger to customer.
Cashier [2] acccepts an order.
Cook [2] makes a burger.
Cashier [3] takes a burger to customer.
Cashier [4] acccepts an order.
Cashier [3] acccepts an order.
Cook [1] makes a burger.
Cook [1] makes a burger.
Cook [1] makes a burger.
Cashier [2] takes a burger to customer.
Cashier [4] takes a burger to customer.
Cashier [1] takes a burger to customer.
Cook [2] makes a burger.
Cashier [3] takes a burger to customer.
Cook [1] makes a burger.
Cook [2] makes a burger.
Finished.
********************************************************************************************


